●                                                           
╭────────────────────────────────────────────────────────╮  
│ … 8 lines hidden                                       │  
│ line 9                                                 │  
│ line 10                                                │  
│ line 11                                                │  
│ line 12                                                │  
╰────────────────────────────────────────────────────────╯  
  Thought for 1.5s  ctrl+t to expand                        
                                                            
Final answer.