👤 You                                              14:05:00
  │ Run the tool                                            
                                                            
────────────────────────────────────────────────────────────
                                                            
✦ Nexus                                                     
  I will inspect the workspace.                             
                                                            
▸ ✓ Bash ls -la (500ms)                                     
                                                            
  The workspace contains 3 files.