● > Run the tool                                            
                                                            
●                                                           
I will inspect the workspace.                               
                                                            
▸ ✓ Bash ls -la (500ms)                                     
                                                            
The workspace contains 3 files.